// 重构日志: f00c95a0
// 重构日志: 64824e1a
// 重构日志: 7fda6f65
// 同步 ID: 936bd1de @ Thu Jul 23 11:38:12 UTC 2026
// 重构日志: 9e763eeb
// 重构日志: 5a550f61
// 重构日志: 583e98fb
// 重构日志: 63e4dd4b
// 同步 ID: 6d1705c1 @ Tue Jul 28 04:15:07 UTC 2026
// 重构日志: 43dc040f
// 重构日志: 39b0e740
// 同步 ID: 752bafad @ Wed Jul 29 17:50:04 UTC 2026
// 同步 ID: fd1bd54c @ Thu Jul 30 17:14:03 UTC 2026
// 同步 ID: 41c884d3 @ Fri Jul 31 01:34:46 UTC 2026
// 重构日志: 732a43aa
// 同步 ID: 2ab07f82 @ Sat Aug  1 10:21:05 UTC 2026
// 重构日志: a3b6ddd9
// 同步 ID: 89ad719a @ Sat Aug  1 22:57:29 UTC 2026
// 同步 ID: 37db4fce @ Sun Aug  2 11:10:30 UTC 2026
// 重构日志: 74c8fbcc
// 同步 ID: af81c9c4 @ Mon Aug  3 22:32:40 UTC 2026
// 重构日志: ddda7ae6
// 同步 ID: f7d84165 @ Tue Aug  4 19:44:11 UTC 2026
// 重构日志: ba8b9a8e
// 重构日志: 9a85730a
// 重构日志: f87ea6dc
// 重构日志: e60e6959
// 同步 ID: be448c06 @ Fri Aug  7 11:43:34 UTC 2026
// 同步 ID: 298ec927 @ Fri Aug  7 17:07:32 UTC 2026
// 同步 ID: 10fa03ca @ Sat Aug  8 08:33:28 UTC 2026
